// Jest Snapshot v1, https://goo.gl/fbAQLP

exports[`renders GameResult Component 1`] = `
<div
  class="result-container"
>
  <p
    class="loser"
  >
    You've lose! Try again
  </p>
  <button>
    Reset
  </button>
</div>
`;
