// Jest Snapshot v1, https://goo.gl/fbAQLP

exports[`renders Shuffle component 1`] = `
<div>
  test
</div>
`;
